// Jest Snapshot v1, https://goo.gl/fbAQLP

exports[`<Dropdown /> should match the snapshot 1`] = `
<select
  id="source"
  name="source"
  onChange={[MockFunction]}
>
  <option
    value="Filter by source"
  >
    Filter by source
  </option>
  <option
    key="BBC"
    value="BBC"
  >
    BBC
  </option>
  <option
    key="CNN"
    value="CNN"
  >
    CNN
  </option>
</select>
`;
